// Jest Snapshot v1, https://goo.gl/fbAQLP

exports[`www:nextjs:thenlo:components:Link render link with snapshot 1`] = `
<a
  className={null}
  href="/user"
  onClick={[Function]}
  onMouseEnter={[Function]}
>
  To User
</a>
`;
